// Jest Snapshot v1, https://goo.gl/fbAQLP

exports[`renders Header.js correctly 1`] = `
<header>
  <h1>
    Horned Beasts
  </h1>
</header>
`;
